src/hooks/usePrayerTimes.ts(81,74): error TS1005: '>' expected.
src/hooks/usePrayerTimes.ts(81,78): error TS1005: ',' expected.
src/hooks/usePrayerTimes.ts(81,79): error TS1136: Property assignment expected.
src/hooks/usePrayerTimes.ts(81,82): error TS1005: ':' expected.
src/hooks/usePrayerTimes.ts(81,85): error TS1109: Expression expected.
src/hooks/usePrayerTimes.ts(81,86): error TS1109: Expression expected.
src/hooks/usePrayerTimes.ts(81,94): error TS1005: ',' expected.
src/hooks/usePrayerTimes.ts(81,159): error TS1005: ',' expected.
src/hooks/usePrayerTimes.ts(81,174): error TS1005: ',' expected.
src/hooks/usePrayerTimes.ts(81,193): error TS1005: ',' expected.
src/hooks/usePrayerTimes.ts(82,76): error TS1005: '>' expected.
src/hooks/usePrayerTimes.ts(82,80): error TS1005: ',' expected.
src/hooks/usePrayerTimes.ts(82,81): error TS1136: Property assignment expected.
src/hooks/usePrayerTimes.ts(82,84): error TS1005: ':' expected.
src/hooks/usePrayerTimes.ts(82,87): error TS1109: Expression expected.
src/hooks/usePrayerTimes.ts(82,88): error TS1109: Expression expected.
src/hooks/usePrayerTimes.ts(82,96): error TS1005: ',' expected.
src/hooks/usePrayerTimes.ts(82,160): error TS1005: ',' expected.
src/hooks/usePrayerTimes.ts(82,182): error TS1005: ',' expected.
src/hooks/usePrayerTimes.ts(83,15): error TS1003: Identifier expected.
src/hooks/usePrayerTimes.ts(83,22): error TS1005: ':' expected.
src/hooks/usePrayerTimes.ts(83,40): error TS1005: ',' expected.
src/hooks/usePrayerTimes.ts(83,65): error TS1005: ';' expected.
src/hooks/usePrayerTimes.ts(83,77): error TS1005: '>' expected.
src/hooks/usePrayerTimes.ts(83,81): error TS1005: ';' expected.
src/hooks/usePrayerTimes.ts(83,87): error TS1161: Unterminated regular expression literal.
src/hooks/usePrayerTimes.ts(83,194): error TS1128: Declaration or statement expected.
src/hooks/usePrayerTimes.ts(83,195): error TS1128: Declaration or statement expected.
src/hooks/usePrayerTimes.ts(84,26): error TS1005: ';' expected.
src/hooks/usePrayerTimes.ts(84,61): error TS1005: ';' expected.
src/hooks/usePrayerTimes.ts(84,68): error TS1005: '>' expected.
src/hooks/usePrayerTimes.ts(84,72): error TS1005: ';' expected.
src/hooks/usePrayerTimes.ts(84,78): error TS1161: Unterminated regular expression literal.
src/hooks/usePrayerTimes.ts(84,186): error TS1128: Declaration or statement expected.
src/hooks/usePrayerTimes.ts(85,30): error TS1005: ';' expected.
src/hooks/usePrayerTimes.ts(85,69): error TS1005: ';' expected.
src/hooks/usePrayerTimes.ts(85,79): error TS1005: '>' expected.
src/hooks/usePrayerTimes.ts(85,83): error TS1005: ';' expected.
src/hooks/usePrayerTimes.ts(85,89): error TS1161: Unterminated regular expression literal.
src/hooks/usePrayerTimes.ts(85,202): error TS1128: Declaration or statement expected.
src/hooks/usePrayerTimes.ts(86,27): error TS1005: ';' expected.
src/hooks/usePrayerTimes.ts(86,63): error TS1005: ';' expected.
src/hooks/usePrayerTimes.ts(86,71): error TS1005: '>' expected.
src/hooks/usePrayerTimes.ts(86,75): error TS1005: ';' expected.
src/hooks/usePrayerTimes.ts(86,81): error TS1161: Unterminated regular expression literal.
src/hooks/usePrayerTimes.ts(86,188): error TS1128: Declaration or statement expected.
src/hooks/usePrayerTimes.ts(87,5): error TS1128: Declaration or statement expected.
src/hooks/usePrayerTimes.ts(93,86): error TS1005: '>' expected.
src/hooks/usePrayerTimes.ts(93,90): error TS1005: ',' expected.
src/hooks/usePrayerTimes.ts(93,91): error TS1136: Property assignment expected.
src/hooks/usePrayerTimes.ts(93,96): error TS1161: Unterminated regular expression literal.
src/hooks/usePrayerTimes.ts(95,5): error TS1128: Declaration or statement expected.
src/hooks/usePrayerTimes.ts(104,3): error TS1128: Declaration or statement expected.
src/hooks/usePrayerTimes.ts(104,4): error TS1128: Declaration or statement expected.
src/hooks/usePrayerTimes.ts(104,26): error TS1005: ';' expected.
src/hooks/usePrayerTimes.ts(137,1): error TS1128: Declaration or statement expected.
